OK:0:DEBUG:IGNORE:"Success"
NOOPEN:1:ERR:FALLOVER:"Unable to open resource"
NOREAD:2:ERR:FALLOVER:"Unable to read data from resource"
NOWRITE:3:ERR:FALLOVER:"Unable to write data to resource"
NOCLOSE:4:ERR:IGNORE:"Unable to close resource"
NOMEM:5:CRIT:ABORT:"Unable to allocate memory"
NOEXEC:6:ERR:FALLOVER:"Unable to create new process"
NOPARAM:7:WARNING:FALLOVER:"Bad parameter passed to process"
NOSPACE:8:ERR:ABORT:"Possible buffer overflow prevented"
NOLISTEN:4096:ALERT:ABORT:"Unable to listen for network connections"
RESOURCELIMIT:4097:ALERT:FALLOVER:"Resource Limits does not allow for this request to be honoured"
SSLINITERROR:4098:CRIT:ABORT:"Unable to initialize SSL components"
SSLCERTOPEN:4099:CRIT:FALLOVER:"Unable to open SSL Certificate"
SSLKEYOPEN:4100:CRIT:FALLOVER:"Unable to open SSL Private Key"
SSLCERTKEYNOMATCH:4101:CRIT:FALLOVER:"SSL Private key and Certificate does not match"
SSLACCEPT:4102:ERR:ABORT:"Unable to negotiate SSL connection"
BADHEADER:4103:ERR:ABORT:"Bad header in packet"
BADSTATE:4104:ERR:ABORT:"Wrong type of packet received for the current state"
VERSION:4105:ERR:FALLOVER:"Version number mismatch between server and client"
BADDATA:4106:ERR:ABORT:"Badly formatted data received"
NORESET:4107:ALERT:ABORT:"The hardware indicates a reset but the client has not acknowledged the reset"
BADUSER:4108:ERR:FALLOVER:"Bad username of password"
TOOMANYLOGINS:4109:CRIT:ABORT:"Too many bad login attempts"
TIMEOUT:4110:WARNING:FALLOVER:"Timeout waiting for data"
